Microsoft Windows [versăo 6.3.9600]
(c) 2013 Microsoft Corporation. Todos os direitos reservados.

C:\Users\niltonbc>C:\xampp\htdocs\Aulasphp
'C:\xampp\htdocs\Aulasphp' năo é reconhecido como um comando interno
ou externo, um programa operável ou um arquivo em lotes.

C:\Users\niltonbc>cd C:\xampp\htdocs\Aulasphp

C:\xampp\htdocs\Aulasphp>git add --all

C:\xampp\htdocs\Aulasphp>git commit -m "alteraçao"
[master 838bdec] alteraçao
 128 files changed, 2806 insertions(+), 11 deletions(-)
 create mode 100644 Constants/exemplo01.php
 create mode 100644 Constants/exemplo02.php


C:\xampp\htdocs\Aulasphp>git config push origin master
error: key does not contain a section: push

C:\xampp\htdocs\Aulasphp>git push origin master
Enumerating objects: 168, done.
Counting objects: 100% (168/168), done.
Delta compression using up to 4 threads
Compressing objects: 100% (147/147), done.
Writing objects: 100% (163/163), 368.18 KiB | 10.23 MiB/s, done.
Total 163 (delta 5), reused 0 (delta 0)
remote: Resolving deltas: 100% (5/5), completed with 1 local object.
To https://github.com/borgesnilton85/Aulasphp.git
   edcfc4f..838bdec  master -> master

C:\xampp\htdocs\Aulasphp>
